  [2mconsole.log[22m
    manager call
[2m[22m
[2m      [2mat log ([22m[2msrc/service/metrics.js[2m:224:11)[22m[2m[22m

  [2mconsole.log[22m
    manager call
[2m[22m
[2m      [2mat log ([22m[2msrc/service/metrics.js[2m:224:11)[22m[2m[22m

  [2mconsole.log[22m
    manager call
[2m[22m
[2m      [2mat log ([22m[2msrc/service/metrics.js[2m:224:11)[22m[2m[22m

  [2mconsole.log[22m
    manager call
[2m[22m
[2m      [2mat log ([22m[2msrc/service/metrics.js[2m:224:11)[22m[2m[22m

  [2mconsole.log[22m
    manager call
[2m[22m
[2m      [2mat log ([22m[2msrc/service/metrics.js[2m:224:11)[22m[2m[22m

  [2mconsole.log[22m
    manager call
[2m[22m
[2m      [2mat log ([22m[2msrc/service/metrics.js[2m:224:11)[22m[2m[22m

  [2mconsole.log[22m
    manager call
[2m[22m
[2m      [2mat log ([22m[2msrc/service/metrics.js[2m:224:11)[22m[2m[22m

  [2mconsole.log[22m
    manager call
[2m[22m
[2m      [2mat log ([22m[2msrc/service/metrics.js[2m:224:11)[22m[2m[22m

  [2mconsole.log[22m
    manager call
[2m[22m
[2m      [2mat log ([22m[2msrc/service/metrics.js[2m:224:11)[22m[2m[22m

  [2mconsole.log[22m
    manager call
[2m[22m
[2m      [2mat log ([22m[2msrc/service/metrics.js[2m:224:11)[22m[2m[22m

  [2mconsole.log[22m
    manager call
[2m[22m
[2m      [2mat log ([22m[2msrc/service/metrics.js[2m:224:11)[22m[2m[22m

  [2mconsole.log[22m
    manager call
[2m[22m
[2m      [2mat log ([22m[2msrc/service/metrics.js[2m:224:11)[22m[2m[22m

  [2mconsole.log[22m
    manager call
[2m[22m
[2m      [2mat log ([22m[2msrc/service/metrics.js[2m:224:11)[22m[2m[22m

  [2mconsole.log[22m
    manager call
[2m[22m
[2m      [2mat log ([22m[2msrc/service/metrics.js[2m:224:11)[22m[2m[22m

  [2mconsole.log[22m
    manager call
[2m[22m
[2m      [2mat log ([22m[2msrc/service/metrics.js[2m:224:11)[22m[2m[22m

  [2mconsole.log[22m
    [metrics] getting timeline metrics for 2026-06-11T12:00:00.000Z
[2m[22m
[2m      [2mat log ([22m[2msrc/service/metrics.js[2m:136:13)[22m[2m[22m

  [2mconsole.log[22m
    metricsArray
[2m[22m
[2m      [2mat log ([22m[2msrc/service/metrics.js[2m:282:11)[22m[2m[22m

  [2mconsole.log[22m
    metricsArray
[2m[22m
[2m      [2mat log ([22m[2msrc/service/metrics.js[2m:282:11)[22m[2m[22m

  [2mconsole.log[22m
    [metrics] getting timeline metrics for 2026-06-12T12:00:00.000Z
[2m[22m
[2m      [2mat log ([22m[2msrc/service/metrics.js[2m:136:13)[22m[2m[22m

  [2mconsole.log[22m
    metricsArray
[2m[22m
[2m      [2mat log ([22m[2msrc/service/metrics.js[2m:282:11)[22m[2m[22m

  [2mconsole.log[22m
    metricsArray
[2m[22m
[2m      [2mat log ([22m[2msrc/service/metrics.js[2m:282:11)[22m[2m[22m

  [2mconsole.log[22m
    [metrics] getting timeline metrics for 2026-06-13T12:00:00.000Z
[2m[22m
[2m      [2mat log ([22m[2msrc/service/metrics.js[2m:136:13)[22m[2m[22m

  [2mconsole.log[22m
    metricsArray
[2m[22m
[2m      [2mat log ([22m[2msrc/service/metrics.js[2m:282:11)[22m[2m[22m

  [2mconsole.log[22m
    metricsArray
[2m[22m
[2m      [2mat log ([22m[2msrc/service/metrics.js[2m:282:11)[22m[2m[22m

  [2mconsole.log[22m
    [metrics] getting timeline metrics for 2026-06-14T12:00:00.000Z
[2m[22m
[2m      [2mat log ([22m[2msrc/service/metrics.js[2m:136:13)[22m[2m[22m

  [2mconsole.log[22m
    metricsArray
[2m[22m
[2m      [2mat log ([22m[2msrc/service/metrics.js[2m:282:11)[22m[2m[22m

  [2mconsole.log[22m
    metricsArray
[2m[22m
[2m      [2mat log ([22m[2msrc/service/metrics.js[2m:282:11)[22m[2m[22m

  [2mconsole.log[22m
    [metrics] getting timeline metrics for 2026-06-15T12:00:00.000Z
[2m[22m
[2m      [2mat log ([22m[2msrc/service/metrics.js[2m:136:13)[22m[2m[22m

  [2mconsole.log[22m
    metricsArray
[2m[22m
[2m      [2mat log ([22m[2msrc/service/metrics.js[2m:282:11)[22m[2m[22m

  [2mconsole.log[22m
    metricsArray
[2m[22m
[2m      [2mat log ([22m[2msrc/service/metrics.js[2m:282:11)[22m[2m[22m

  [2mconsole.log[22m
    [metrics] getting timeline metrics for 2026-06-16T12:00:00.000Z
[2m[22m
[2m      [2mat log ([22m[2msrc/service/metrics.js[2m:136:13)[22m[2m[22m

  [2mconsole.log[22m
    metricsArray
[2m[22m
[2m      [2mat log ([22m[2msrc/service/metrics.js[2m:282:11)[22m[2m[22m

  [2mconsole.log[22m
    metricsArray
[2m[22m
[2m      [2mat log ([22m[2msrc/service/metrics.js[2m:282:11)[22m[2m[22m

  [2mconsole.log[22m
    [metrics] getting timeline metrics for 2026-06-17T12:00:00.000Z
[2m[22m
[2m      [2mat log ([22m[2msrc/service/metrics.js[2m:136:13)[22m[2m[22m

  [2mconsole.log[22m
    metricsArray
[2m[22m
[2m      [2mat log ([22m[2msrc/service/metrics.js[2m:282:11)[22m[2m[22m

  [2mconsole.log[22m
    metricsArray
[2m[22m
[2m      [2mat log ([22m[2msrc/service/metrics.js[2m:282:11)[22m[2m[22m

  [2mconsole.log[22m
    [metrics] getting timeline metrics for 2026-06-18T12:00:00.000Z
[2m[22m
[2m      [2mat log ([22m[2msrc/service/metrics.js[2m:136:13)[22m[2m[22m

  [2mconsole.log[22m
    metricsArray
[2m[22m
[2m      [2mat log ([22m[2msrc/service/metrics.js[2m:282:11)[22m[2m[22m

  [2mconsole.log[22m
    metricsArray
[2m[22m
[2m      [2mat log ([22m[2msrc/service/metrics.js[2m:282:11)[22m[2m[22m

  [2mconsole.log[22m
    [metrics] getting timeline metrics for 2026-06-19T12:00:00.000Z
[2m[22m
[2m      [2mat log ([22m[2msrc/service/metrics.js[2m:136:13)[22m[2m[22m

  [2mconsole.log[22m
    metricsArray
[2m[22m
[2m      [2mat log ([22m[2msrc/service/metrics.js[2m:282:11)[22m[2m[22m

  [2mconsole.log[22m
    metricsArray
[2m[22m
[2m      [2mat log ([22m[2msrc/service/metrics.js[2m:282:11)[22m[2m[22m

  [2mconsole.log[22m
    [metrics] getting timeline metrics for 2026-06-20T12:00:00.000Z
[2m[22m
[2m      [2mat log ([22m[2msrc/service/metrics.js[2m:136:13)[22m[2m[22m

  [2mconsole.log[22m
    metricsArray
[2m[22m
[2m      [2mat log ([22m[2msrc/service/metrics.js[2m:282:11)[22m[2m[22m

  [2mconsole.log[22m
    metricsArray
[2m[22m
[2m      [2mat log ([22m[2msrc/service/metrics.js[2m:282:11)[22m[2m[22m

  [2mconsole.log[22m
    [metrics] getting timeline metrics for 2026-06-21T12:00:00.000Z
[2m[22m
[2m      [2mat log ([22m[2msrc/service/metrics.js[2m:136:13)[22m[2m[22m

  [2mconsole.log[22m
    metricsArray
[2m[22m
[2m      [2mat log ([22m[2msrc/service/metrics.js[2m:282:11)[22m[2m[22m

  [2mconsole.log[22m
    metricsArray
[2m[22m
[2m      [2mat log ([22m[2msrc/service/metrics.js[2m:282:11)[22m[2m[22m

  [2mconsole.log[22m
    [metrics] getting timeline metrics for 2026-06-22T12:00:00.000Z
[2m[22m
[2m      [2mat log ([22m[2msrc/service/metrics.js[2m:136:13)[22m[2m[22m

  [2mconsole.log[22m
    metricsArray
[2m[22m
[2m      [2mat log ([22m[2msrc/service/metrics.js[2m:282:11)[22m[2m[22m

  [2mconsole.log[22m
    metricsArray
[2m[22m
[2m      [2mat log ([22m[2msrc/service/metrics.js[2m:282:11)[22m[2m[22m

  [2mconsole.log[22m
    [metrics] getting timeline metrics for 2026-06-23T12:00:00.000Z
[2m[22m
[2m      [2mat log ([22m[2msrc/service/metrics.js[2m:136:13)[22m[2m[22m

  [2mconsole.log[22m
    metricsArray
[2m[22m
[2m      [2mat log ([22m[2msrc/service/metrics.js[2m:282:11)[22m[2m[22m

  [2mconsole.log[22m
    metricsArray
[2m[22m
[2m      [2mat log ([22m[2msrc/service/metrics.js[2m:282:11)[22m[2m[22m

  [2mconsole.log[22m
    [metrics] getting timeline metrics for 2026-06-24T12:00:00.000Z
[2m[22m
[2m      [2mat log ([22m[2msrc/service/metrics.js[2m:136:13)[22m[2m[22m

  [2mconsole.log[22m
    metricsArray
[2m[22m
[2m      [2mat log ([22m[2msrc/service/metrics.js[2m:282:11)[22m[2m[22m

  [2mconsole.log[22m
    metricsArray
[2m[22m
[2m      [2mat log ([22m[2msrc/service/metrics.js[2m:282:11)[22m[2m[22m

  [2mconsole.log[22m
    [metrics] getting timeline metrics for 2026-06-25T12:00:00.000Z
[2m[22m
[2m      [2mat log ([22m[2msrc/service/metrics.js[2m:136:13)[22m[2m[22m

  [2mconsole.log[22m
    metricsArray
[2m[22m
[2m      [2mat log ([22m[2msrc/service/metrics.js[2m:282:11)[22m[2m[22m

  [2mconsole.log[22m
    metricsArray
[2m[22m
[2m      [2mat log ([22m[2msrc/service/metrics.js[2m:282:11)[22m[2m[22m

  [2mconsole.log[22m
    [metrics] getting timeline metrics for 2026-06-26T12:00:00.000Z
[2m[22m
[2m      [2mat log ([22m[2msrc/service/metrics.js[2m:136:13)[22m[2m[22m

  [2mconsole.log[22m
    metricsArray
[2m[22m
[2m      [2mat log ([22m[2msrc/service/metrics.js[2m:282:11)[22m[2m[22m

  [2mconsole.log[22m
    metricsArray
[2m[22m
[2m      [2mat log ([22m[2msrc/service/metrics.js[2m:282:11)[22m[2m[22m

  [2mconsole.log[22m
    [metrics] getting timeline metrics for 2026-06-27T12:00:00.000Z
[2m[22m
[2m      [2mat log ([22m[2msrc/service/metrics.js[2m:136:13)[22m[2m[22m

  [2mconsole.log[22m
    metricsArray
[2m[22m
[2m      [2mat log ([22m[2msrc/service/metrics.js[2m:282:11)[22m[2m[22m

  [2mconsole.log[22m
    metricsArray
[2m[22m
[2m      [2mat log ([22m[2msrc/service/metrics.js[2m:282:11)[22m[2m[22m

  [2mconsole.log[22m
    [metrics] getting timeline metrics for 2026-06-28T12:00:00.000Z
[2m[22m
[2m      [2mat log ([22m[2msrc/service/metrics.js[2m:136:13)[22m[2m[22m

  [2mconsole.log[22m
    metricsArray
[2m[22m
[2m      [2mat log ([22m[2msrc/service/metrics.js[2m:282:11)[22m[2m[22m

  [2mconsole.log[22m
    metricsArray
[2m[22m
[2m      [2mat log ([22m[2msrc/service/metrics.js[2m:282:11)[22m[2m[22m

  [2mconsole.log[22m
    [metrics] getting timeline metrics for 2026-06-29T12:00:00.000Z
[2m[22m
[2m      [2mat log ([22m[2msrc/service/metrics.js[2m:136:13)[22m[2m[22m

  [2mconsole.log[22m
    metricsArray
[2m[22m
[2m      [2mat log ([22m[2msrc/service/metrics.js[2m:282:11)[22m[2m[22m

  [2mconsole.log[22m
    metricsArray
[2m[22m
[2m      [2mat log ([22m[2msrc/service/metrics.js[2m:282:11)[22m[2m[22m

  [2mconsole.log[22m
    [metrics] getting timeline metrics for 2026-06-30T12:00:00.000Z
[2m[22m
[2m      [2mat log ([22m[2msrc/service/metrics.js[2m:136:13)[22m[2m[22m

  [2mconsole.log[22m
    metricsArray
[2m[22m
[2m      [2mat log ([22m[2msrc/service/metrics.js[2m:282:11)[22m[2m[22m

  [2mconsole.log[22m
    metricsArray
[2m[22m
[2m      [2mat log ([22m[2msrc/service/metrics.js[2m:282:11)[22m[2m[22m

  [2mconsole.log[22m
    [metrics] getting timeline metrics for 2026-07-01T12:00:00.000Z
[2m[22m
[2m      [2mat log ([22m[2msrc/service/metrics.js[2m:136:13)[22m[2m[22m

  [2mconsole.log[22m
    metricsArray
[2m[22m
[2m      [2mat log ([22m[2msrc/service/metrics.js[2m:282:11)[22m[2m[22m

  [2mconsole.log[22m
    metricsArray
[2m[22m
[2m      [2mat log ([22m[2msrc/service/metrics.js[2m:282:11)[22m[2m[22m

  [2mconsole.log[22m
    [metrics] getting timeline metrics for 2026-07-02T12:00:00.000Z
[2m[22m
[2m      [2mat log ([22m[2msrc/service/metrics.js[2m:136:13)[22m[2m[22m

  [2mconsole.log[22m
    metricsArray
[2m[22m
[2m      [2mat log ([22m[2msrc/service/metrics.js[2m:282:11)[22m[2m[22m

  [2mconsole.log[22m
    metricsArray
[2m[22m
[2m      [2mat log ([22m[2msrc/service/metrics.js[2m:282:11)[22m[2m[22m

  [2mconsole.log[22m
    [metrics] getting timeline metrics for 2026-07-03T12:00:00.000Z
[2m[22m
[2m      [2mat log ([22m[2msrc/service/metrics.js[2m:136:13)[22m[2m[22m

  [2mconsole.log[22m
    metricsArray
[2m[22m
[2m      [2mat log ([22m[2msrc/service/metrics.js[2m:282:11)[22m[2m[22m

  [2mconsole.log[22m
    metricsArray
[2m[22m
[2m      [2mat log ([22m[2msrc/service/metrics.js[2m:282:11)[22m[2m[22m

  [2mconsole.log[22m
    [metrics] getting timeline metrics for 2026-07-04T12:00:00.000Z
[2m[22m
[2m      [2mat log ([22m[2msrc/service/metrics.js[2m:136:13)[22m[2m[22m

  [2mconsole.log[22m
    metricsArray
[2m[22m
[2m      [2mat log ([22m[2msrc/service/metrics.js[2m:282:11)[22m[2m[22m

  [2mconsole.log[22m
    metricsArray
[2m[22m
[2m      [2mat log ([22m[2msrc/service/metrics.js[2m:282:11)[22m[2m[22m

  [2mconsole.log[22m
    [metrics] getting timeline metrics for 2026-07-05T12:00:00.000Z
[2m[22m
[2m      [2mat log ([22m[2msrc/service/metrics.js[2m:136:13)[22m[2m[22m

  [2mconsole.log[22m
    metricsArray
[2m[22m
[2m      [2mat log ([22m[2msrc/service/metrics.js[2m:282:11)[22m[2m[22m

  [2mconsole.log[22m
    metricsArray
[2m[22m
[2m      [2mat log ([22m[2msrc/service/metrics.js[2m:282:11)[22m[2m[22m

  [2mconsole.log[22m
    [metrics] getting timeline metrics for 2026-07-06T12:00:00.000Z
[2m[22m
[2m      [2mat log ([22m[2msrc/service/metrics.js[2m:136:13)[22m[2m[22m

  [2mconsole.log[22m
    metricsArray
[2m[22m
[2m      [2mat log ([22m[2msrc/service/metrics.js[2m:282:11)[22m[2m[22m

  [2mconsole.log[22m
    metricsArray
[2m[22m
[2m      [2mat log ([22m[2msrc/service/metrics.js[2m:282:11)[22m[2m[22m

  [2mconsole.log[22m
    [metrics] getting timeline metrics for 2026-07-07T12:00:00.000Z
[2m[22m
[2m      [2mat log ([22m[2msrc/service/metrics.js[2m:136:13)[22m[2m[22m

  [2mconsole.log[22m
    metricsArray
[2m[22m
[2m      [2mat log ([22m[2msrc/service/metrics.js[2m:282:11)[22m[2m[22m

  [2mconsole.log[22m
    metricsArray
[2m[22m
[2m      [2mat log ([22m[2msrc/service/metrics.js[2m:282:11)[22m[2m[22m

  [2mconsole.log[22m
    [metrics] getting timeline metrics for 2026-07-08T12:00:00.000Z
[2m[22m
[2m      [2mat log ([22m[2msrc/service/metrics.js[2m:136:13)[22m[2m[22m

  [2mconsole.log[22m
    metricsArray
[2m[22m
[2m      [2mat log ([22m[2msrc/service/metrics.js[2m:282:11)[22m[2m[22m

  [2mconsole.log[22m
    metricsArray
[2m[22m
[2m      [2mat log ([22m[2msrc/service/metrics.js[2m:282:11)[22m[2m[22m

  [2mconsole.log[22m
    [metrics] getting timeline metrics for 2026-07-09T12:00:00.000Z
[2m[22m
[2m      [2mat log ([22m[2msrc/service/metrics.js[2m:136:13)[22m[2m[22m

  [2mconsole.log[22m
    metricsArray
[2m[22m
[2m      [2mat log ([22m[2msrc/service/metrics.js[2m:282:11)[22m[2m[22m

  [2mconsole.log[22m
    metricsArray
[2m[22m
[2m      [2mat log ([22m[2msrc/service/metrics.js[2m:282:11)[22m[2m[22m

  [2mconsole.log[22m
    [metrics] getting timeline metrics for 2026-07-10T12:00:00.000Z
[2m[22m
[2m      [2mat log ([22m[2msrc/service/metrics.js[2m:136:13)[22m[2m[22m

  [2mconsole.log[22m
    metricsArray
[2m[22m
[2m      [2mat log ([22m[2msrc/service/metrics.js[2m:282:11)[22m[2m[22m

  [2mconsole.log[22m
    metricsArray
[2m[22m
[2m      [2mat log ([22m[2msrc/service/metrics.js[2m:282:11)[22m[2m[22m

  [2mconsole.log[22m
    [metrics] getting timeline metrics for 2026-07-11T12:00:00.000Z
[2m[22m
[2m      [2mat log ([22m[2msrc/service/metrics.js[2m:136:13)[22m[2m[22m

  [2mconsole.log[22m
    metricsArray
[2m[22m
[2m      [2mat log ([22m[2msrc/service/metrics.js[2m:282:11)[22m[2m[22m

  [2mconsole.log[22m
    metricsArray
[2m[22m
[2m      [2mat log ([22m[2msrc/service/metrics.js[2m:282:11)[22m[2m[22m

  [2mconsole.log[22m
    manager call
[2m[22m
[2m      [2mat log ([22m[2msrc/service/metrics.js[2m:224:11)[22m[2m[22m

  [2mconsole.log[22m
    manager call
[2m[22m
[2m      [2mat log ([22m[2msrc/service/metrics.js[2m:224:11)[22m[2m[22m

  [2mconsole.log[22m
    manager call
[2m[22m
[2m      [2mat log ([22m[2msrc/service/metrics.js[2m:224:11)[22m[2m[22m

  [2mconsole.log[22m
    manager call
[2m[22m
[2m      [2mat log ([22m[2msrc/service/metrics.js[2m:224:11)[22m[2m[22m

  [2mconsole.log[22m
    manager call
[2m[22m
[2m      [2mat log ([22m[2msrc/service/metrics.js[2m:224:11)[22m[2m[22m

  [2mconsole.log[22m
    manager call
[2m[22m
[2m      [2mat log ([22m[2msrc/service/metrics.js[2m:224:11)[22m[2m[22m

  [2mconsole.log[22m
    manager call
[2m[22m
[2m      [2mat log ([22m[2msrc/service/metrics.js[2m:224:11)[22m[2m[22m

  [2mconsole.log[22m
    manager call
[2m[22m
[2m      [2mat log ([22m[2msrc/service/metrics.js[2m:224:11)[22m[2m[22m

  [2mconsole.log[22m
    manager call
[2m[22m
[2m      [2mat log ([22m[2msrc/service/metrics.js[2m:224:11)[22m[2m[22m

  [2mconsole.log[22m
    manager call
[2m[22m
[2m      [2mat log ([22m[2msrc/service/metrics.js[2m:224:11)[22m[2m[22m

  [2mconsole.log[22m
    manager call
[2m[22m
[2m      [2mat log ([22m[2msrc/service/metrics.js[2m:224:11)[22m[2m[22m

  [2mconsole.log[22m
    manager call
[2m[22m
[2m      [2mat log ([22m[2msrc/service/metrics.js[2m:224:11)[22m[2m[22m

  [2mconsole.log[22m
    manager call
[2m[22m
[2m      [2mat log ([22m[2msrc/service/metrics.js[2m:224:11)[22m[2m[22m

  [2mconsole.log[22m
    manager call
[2m[22m
[2m      [2mat log ([22m[2msrc/service/metrics.js[2m:224:11)[22m[2m[22m

  [2mconsole.log[22m
    manager call
[2m[22m
[2m      [2mat log ([22m[2msrc/service/metrics.js[2m:224:11)[22m[2m[22m

  [2mconsole.log[22m
    [metrics] getting timeline metrics for 2026-07-12T12:00:00.000Z
[2m[22m
[2m      [2mat log ([22m[2msrc/service/metrics.js[2m:136:13)[22m[2m[22m

  [2mconsole.log[22m
    metricsArray
[2m[22m
[2m      [2mat log ([22m[2msrc/service/metrics.js[2m:282:11)[22m[2m[22m

  [2mconsole.log[22m
    metricsArray
[2m[22m
[2m      [2mat log ([22m[2msrc/service/metrics.js[2m:282:11)[22m[2m[22m

  [2mconsole.log[22m
    [metrics] getting timeline metrics for 2026-07-13T12:00:00.000Z
[2m[22m
[2m      [2mat log ([22m[2msrc/service/metrics.js[2m:136:13)[22m[2m[22m

  [2mconsole.log[22m
    metricsArray
[2m[22m
[2m      [2mat log ([22m[2msrc/service/metrics.js[2m:282:11)[22m[2m[22m

  [2mconsole.log[22m
    metricsArray
[2m[22m
[2m      [2mat log ([22m[2msrc/service/metrics.js[2m:282:11)[22m[2m[22m

  [2mconsole.log[22m
    [metrics] getting timeline metrics for 2026-07-14T12:00:00.000Z
[2m[22m
[2m      [2mat log ([22m[2msrc/service/metrics.js[2m:136:13)[22m[2m[22m

  [2mconsole.log[22m
    metricsArray
[2m[22m
[2m      [2mat log ([22m[2msrc/service/metrics.js[2m:282:11)[22m[2m[22m

  [2mconsole.log[22m
    metricsArray
[2m[22m
[2m      [2mat log ([22m[2msrc/service/metrics.js[2m:282:11)[22m[2m[22m

  [2mconsole.log[22m
    [metrics] getting timeline metrics for 2026-07-15T12:00:00.000Z
[2m[22m
[2m      [2mat log ([22m[2msrc/service/metrics.js[2m:136:13)[22m[2m[22m

  [2mconsole.log[22m
    metricsArray
[2m[22m
[2m      [2mat log ([22m[2msrc/service/metrics.js[2m:282:11)[22m[2m[22m

  [2mconsole.log[22m
    metricsArray
[2m[22m
[2m      [2mat log ([22m[2msrc/service/metrics.js[2m:282:11)[22m[2m[22m

  [2mconsole.log[22m
    [metrics] getting timeline metrics for 2026-07-16T12:00:00.000Z
[2m[22m
[2m      [2mat log ([22m[2msrc/service/metrics.js[2m:136:13)[22m[2m[22m

  [2mconsole.log[22m
    metricsArray
[2m[22m
[2m      [2mat log ([22m[2msrc/service/metrics.js[2m:282:11)[22m[2m[22m

  [2mconsole.log[22m
    metricsArray
[2m[22m
[2m      [2mat log ([22m[2msrc/service/metrics.js[2m:282:11)[22m[2m[22m

  [2mconsole.log[22m
    [metrics] getting timeline metrics for 2026-07-17T12:00:00.000Z
[2m[22m
[2m      [2mat log ([22m[2msrc/service/metrics.js[2m:136:13)[22m[2m[22m

  [2mconsole.log[22m
    metricsArray
[2m[22m
[2m      [2mat log ([22m[2msrc/service/metrics.js[2m:282:11)[22m[2m[22m

  [2mconsole.log[22m
    metricsArray
[2m[22m
[2m      [2mat log ([22m[2msrc/service/metrics.js[2m:282:11)[22m[2m[22m

  [2mconsole.log[22m
    [metrics] getting timeline metrics for 2026-07-18T12:00:00.000Z
[2m[22m
[2m      [2mat log ([22m[2msrc/service/metrics.js[2m:136:13)[22m[2m[22m

  [2mconsole.log[22m
    metricsArray
[2m[22m
[2m      [2mat log ([22m[2msrc/service/metrics.js[2m:282:11)[22m[2m[22m

  [2mconsole.log[22m
    metricsArray
[2m[22m
[2m      [2mat log ([22m[2msrc/service/metrics.js[2m:282:11)[22m[2m[22m

  [2mconsole.log[22m
    [metrics] getting timeline metrics for 2026-07-19T12:00:00.000Z
[2m[22m
[2m      [2mat log ([22m[2msrc/service/metrics.js[2m:136:13)[22m[2m[22m

  [2mconsole.log[22m
    metricsArray
[2m[22m
[2m      [2mat log ([22m[2msrc/service/metrics.js[2m:282:11)[22m[2m[22m

  [2mconsole.log[22m
    metricsArray
[2m[22m
[2m      [2mat log ([22m[2msrc/service/metrics.js[2m:282:11)[22m[2m[22m

  [2mconsole.log[22m
    [metrics] getting timeline metrics for 2026-07-20T12:00:00.000Z
[2m[22m
[2m      [2mat log ([22m[2msrc/service/metrics.js[2m:136:13)[22m[2m[22m

  [2mconsole.log[22m
    metricsArray
[2m[22m
[2m      [2mat log ([22m[2msrc/service/metrics.js[2m:282:11)[22m[2m[22m

  [2mconsole.log[22m
    metricsArray
[2m[22m
[2m      [2mat log ([22m[2msrc/service/metrics.js[2m:282:11)[22m[2m[22m

  [2mconsole.log[22m
    [metrics] getting timeline metrics for 2026-07-21T12:00:00.000Z
[2m[22m
[2m      [2mat log ([22m[2msrc/service/metrics.js[2m:136:13)[22m[2m[22m

  [2mconsole.log[22m
    metricsArray
[2m[22m
[2m      [2mat log ([22m[2msrc/service/metrics.js[2m:282:11)[22m[2m[22m

  [2mconsole.log[22m
    metricsArray
[2m[22m
[2m      [2mat log ([22m[2msrc/service/metrics.js[2m:282:11)[22m[2m[22m

  [2mconsole.log[22m
    [metrics] getting timeline metrics for 2026-07-22T12:00:00.000Z
[2m[22m
[2m      [2mat log ([22m[2msrc/service/metrics.js[2m:136:13)[22m[2m[22m

  [2mconsole.log[22m
    metricsArray
[2m[22m
[2m      [2mat log ([22m[2msrc/service/metrics.js[2m:282:11)[22m[2m[22m

  [2mconsole.log[22m
    metricsArray
[2m[22m
[2m      [2mat log ([22m[2msrc/service/metrics.js[2m:282:11)[22m[2m[22m

  [2mconsole.log[22m
    [metrics] getting timeline metrics for 2026-07-23T12:00:00.000Z
[2m[22m
[2m      [2mat log ([22m[2msrc/service/metrics.js[2m:136:13)[22m[2m[22m

  [2mconsole.log[22m
    metricsArray
[2m[22m
[2m      [2mat log ([22m[2msrc/service/metrics.js[2m:282:11)[22m[2m[22m

  [2mconsole.log[22m
    metricsArray
[2m[22m
[2m      [2mat log ([22m[2msrc/service/metrics.js[2m:282:11)[22m[2m[22m

  [2mconsole.log[22m
    [metrics] getting timeline metrics for 2026-07-24T12:00:00.000Z
[2m[22m
[2m      [2mat log ([22m[2msrc/service/metrics.js[2m:136:13)[22m[2m[22m

  [2mconsole.log[22m
    metricsArray
[2m[22m
[2m      [2mat log ([22m[2msrc/service/metrics.js[2m:282:11)[22m[2m[22m

  [2mconsole.log[22m
    metricsArray
[2m[22m
[2m      [2mat log ([22m[2msrc/service/metrics.js[2m:282:11)[22m[2m[22m

  [2mconsole.log[22m
    [metrics] getting timeline metrics for 2026-07-25T12:00:00.000Z
[2m[22m
[2m      [2mat log ([22m[2msrc/service/metrics.js[2m:136:13)[22m[2m[22m

  [2mconsole.log[22m
    metricsArray
[2m[22m
[2m      [2mat log ([22m[2msrc/service/metrics.js[2m:282:11)[22m[2m[22m

  [2mconsole.log[22m
    metricsArray
[2m[22m
[2m      [2mat log ([22m[2msrc/service/metrics.js[2m:282:11)[22m[2m[22m

  [2mconsole.log[22m
    [metrics] getting timeline metrics for 2026-07-26T12:00:00.000Z
[2m[22m
[2m      [2mat log ([22m[2msrc/service/metrics.js[2m:136:13)[22m[2m[22m

  [2mconsole.log[22m
    metricsArray
[2m[22m
[2m      [2mat log ([22m[2msrc/service/metrics.js[2m:282:11)[22m[2m[22m

  [2mconsole.log[22m
    metricsArray
[2m[22m
[2m      [2mat log ([22m[2msrc/service/metrics.js[2m:282:11)[22m[2m[22m

  [2mconsole.log[22m
    [metrics] getting timeline metrics for 2026-07-27T12:00:00.000Z
[2m[22m
[2m      [2mat log ([22m[2msrc/service/metrics.js[2m:136:13)[22m[2m[22m

  [2mconsole.log[22m
    metricsArray
[2m[22m
[2m      [2mat log ([22m[2msrc/service/metrics.js[2m:282:11)[22m[2m[22m

  [2mconsole.log[22m
    metricsArray
[2m[22m
[2m      [2mat log ([22m[2msrc/service/metrics.js[2m:282:11)[22m[2m[22m

  [2mconsole.log[22m
    [metrics] getting timeline metrics for 2026-07-28T12:00:00.000Z
[2m[22m
[2m      [2mat log ([22m[2msrc/service/metrics.js[2m:136:13)[22m[2m[22m

  [2mconsole.log[22m
    metricsArray
[2m[22m
[2m      [2mat log ([22m[2msrc/service/metrics.js[2m:282:11)[22m[2m[22m

  [2mconsole.log[22m
    metricsArray
[2m[22m
[2m      [2mat log ([22m[2msrc/service/metrics.js[2m:282:11)[22m[2m[22m

  [2mconsole.log[22m
    [metrics] getting timeline metrics for 2026-07-29T12:00:00.000Z
[2m[22m
[2m      [2mat log ([22m[2msrc/service/metrics.js[2m:136:13)[22m[2m[22m

  [2mconsole.log[22m
    metricsArray
[2m[22m
[2m      [2mat log ([22m[2msrc/service/metrics.js[2m:282:11)[22m[2m[22m

  [2mconsole.log[22m
    metricsArray
[2m[22m
[2m      [2mat log ([22m[2msrc/service/metrics.js[2m:282:11)[22m[2m[22m

  [2mconsole.log[22m
    [metrics] getting timeline metrics for 2026-07-30T12:00:00.000Z
[2m[22m
[2m      [2mat log ([22m[2msrc/service/metrics.js[2m:136:13)[22m[2m[22m

  [2mconsole.log[22m
    metricsArray
[2m[22m
[2m      [2mat log ([22m[2msrc/service/metrics.js[2m:282:11)[22m[2m[22m

  [2mconsole.log[22m
    metricsArray
[2m[22m
[2m      [2mat log ([22m[2msrc/service/metrics.js[2m:282:11)[22m[2m[22m

  [2mconsole.log[22m
    [metrics] getting timeline metrics for 2026-07-31T12:00:00.000Z
[2m[22m
[2m      [2mat log ([22m[2msrc/service/metrics.js[2m:136:13)[22m[2m[22m

  [2mconsole.log[22m
    metricsArray
[2m[22m
[2m      [2mat log ([22m[2msrc/service/metrics.js[2m:282:11)[22m[2m[22m

  [2mconsole.log[22m
    metricsArray
[2m[22m
[2m      [2mat log ([22m[2msrc/service/metrics.js[2m:282:11)[22m[2m[22m

  [2mconsole.log[22m
    [metrics] getting timeline metrics for 2026-08-01T12:00:00.000Z
[2m[22m
[2m      [2mat log ([22m[2msrc/service/metrics.js[2m:136:13)[22m[2m[22m

  [2mconsole.log[22m
    metricsArray
[2m[22m
[2m      [2mat log ([22m[2msrc/service/metrics.js[2m:282:11)[22m[2m[22m

  [2mconsole.log[22m
    metricsArray
[2m[22m
[2m      [2mat log ([22m[2msrc/service/metrics.js[2m:282:11)[22m[2m[22m

  [2mconsole.log[22m
    [metrics] getting timeline metrics for 2026-08-02T12:00:00.000Z
[2m[22m
[2m      [2mat log ([22m[2msrc/service/metrics.js[2m:136:13)[22m[2m[22m

  [2mconsole.log[22m
    metricsArray
[2m[22m
[2m      [2mat log ([22m[2msrc/service/metrics.js[2m:282:11)[22m[2m[22m

  [2mconsole.log[22m
    metricsArray
[2m[22m
[2m      [2mat log ([22m[2msrc/service/metrics.js[2m:282:11)[22m[2m[22m

  [2mconsole.log[22m
    [metrics] getting timeline metrics for 2026-08-03T12:00:00.000Z
[2m[22m
[2m      [2mat log ([22m[2msrc/service/metrics.js[2m:136:13)[22m[2m[22m

  [2mconsole.log[22m
    metricsArray
[2m[22m
[2m      [2mat log ([22m[2msrc/service/metrics.js[2m:282:11)[22m[2m[22m

  [2mconsole.log[22m
    metricsArray
[2m[22m
[2m      [2mat log ([22m[2msrc/service/metrics.js[2m:282:11)[22m[2m[22m

  [2mconsole.log[22m
    [metrics] getting timeline metrics for 2026-08-04T12:00:00.000Z
[2m[22m
[2m      [2mat log ([22m[2msrc/service/metrics.js[2m:136:13)[22m[2m[22m

  [2mconsole.log[22m
    metricsArray
[2m[22m
[2m      [2mat log ([22m[2msrc/service/metrics.js[2m:282:11)[22m[2m[22m

  [2mconsole.log[22m
    metricsArray
[2m[22m
[2m      [2mat log ([22m[2msrc/service/metrics.js[2m:282:11)[22m[2m[22m

  [2mconsole.log[22m
    [metrics] getting timeline metrics for 2026-08-05T12:00:00.000Z
[2m[22m
[2m      [2mat log ([22m[2msrc/service/metrics.js[2m:136:13)[22m[2m[22m

  [2mconsole.log[22m
    metricsArray
[2m[22m
[2m      [2mat log ([22m[2msrc/service/metrics.js[2m:282:11)[22m[2m[22m

  [2mconsole.log[22m
    metricsArray
[2m[22m
[2m      [2mat log ([22m[2msrc/service/metrics.js[2m:282:11)[22m[2m[22m

  [2mconsole.log[22m
    [metrics] getting timeline metrics for 2026-08-06T12:00:00.000Z
[2m[22m
[2m      [2mat log ([22m[2msrc/service/metrics.js[2m:136:13)[22m[2m[22m

  [2mconsole.log[22m
    metricsArray
[2m[22m
[2m      [2mat log ([22m[2msrc/service/metrics.js[2m:282:11)[22m[2m[22m

  [2mconsole.log[22m
    metricsArray
[2m[22m
[2m      [2mat log ([22m[2msrc/service/metrics.js[2m:282:11)[22m[2m[22m

  [2mconsole.log[22m
    [metrics] getting timeline metrics for 2026-08-07T12:00:00.000Z
[2m[22m
[2m      [2mat log ([22m[2msrc/service/metrics.js[2m:136:13)[22m[2m[22m

  [2mconsole.log[22m
    metricsArray
[2m[22m
[2m      [2mat log ([22m[2msrc/service/metrics.js[2m:282:11)[22m[2m[22m

  [2mconsole.log[22m
    metricsArray
[2m[22m
[2m      [2mat log ([22m[2msrc/service/metrics.js[2m:282:11)[22m[2m[22m

  [2mconsole.log[22m
    [metrics] getting timeline metrics for 2026-08-08T12:00:00.000Z
[2m[22m
[2m      [2mat log ([22m[2msrc/service/metrics.js[2m:136:13)[22m[2m[22m

  [2mconsole.log[22m
    metricsArray
[2m[22m
[2m      [2mat log ([22m[2msrc/service/metrics.js[2m:282:11)[22m[2m[22m

  [2mconsole.log[22m
    metricsArray
[2m[22m
[2m      [2mat log ([22m[2msrc/service/metrics.js[2m:282:11)[22m[2m[22m

  [2mconsole.log[22m
    [metrics] getting timeline metrics for 2026-08-09T12:00:00.000Z
[2m[22m
[2m      [2mat log ([22m[2msrc/service/metrics.js[2m:136:13)[22m[2m[22m

  [2mconsole.log[22m
    metricsArray
[2m[22m
[2m      [2mat log ([22m[2msrc/service/metrics.js[2m:282:11)[22m[2m[22m

  [2mconsole.log[22m
    metricsArray
[2m[22m
[2m      [2mat log ([22m[2msrc/service/metrics.js[2m:282:11)[22m[2m[22m

  [2mconsole.log[22m
    [metrics] getting timeline metrics for 2026-08-10T12:00:00.000Z
[2m[22m
[2m      [2mat log ([22m[2msrc/service/metrics.js[2m:136:13)[22m[2m[22m

  [2mconsole.log[22m
    metricsArray
[2m[22m
[2m      [2mat log ([22m[2msrc/service/metrics.js[2m:282:11)[22m[2m[22m

  [2mconsole.log[22m
    metricsArray
[2m[22m
[2m      [2mat log ([22m[2msrc/service/metrics.js[2m:282:11)[22m[2m[22m

  [2mconsole.log[22m
    [metrics] getting timeline metrics for 2026-08-11T12:00:00.000Z
[2m[22m
[2m      [2mat log ([22m[2msrc/service/metrics.js[2m:136:13)[22m[2m[22m

  [2mconsole.log[22m
    metricsArray
[2m[22m
[2m      [2mat log ([22m[2msrc/service/metrics.js[2m:282:11)[22m[2m[22m

  [2mconsole.log[22m
    metricsArray
[2m[22m
[2m      [2mat log ([22m[2msrc/service/metrics.js[2m:282:11)[22m[2m[22m

  [2mconsole.log[22m
    manager call
[2m[22m
[2m      [2mat log ([22m[2msrc/service/metrics.js[2m:224:11)[22m[2m[22m

  [2mconsole.log[22m
    manager call
[2m[22m
[2m      [2mat log ([22m[2msrc/service/metrics.js[2m:224:11)[22m[2m[22m

  [2mconsole.log[22m
    manager call
[2m[22m
[2m      [2mat log ([22m[2msrc/service/metrics.js[2m:224:11)[22m[2m[22m

  [2mconsole.log[22m
    manager call
[2m[22m
[2m      [2mat log ([22m[2msrc/service/metrics.js[2m:224:11)[22m[2m[22m

  [2mconsole.log[22m
    manager call
[2m[22m
[2m      [2mat log ([22m[2msrc/service/metrics.js[2m:224:11)[22m[2m[22m

  [2mconsole.log[22m
    manager call
[2m[22m
[2m      [2mat log ([22m[2msrc/service/metrics.js[2m:224:11)[22m[2m[22m

  [2mconsole.log[22m
    manager call
[2m[22m
[2m      [2mat log ([22m[2msrc/service/metrics.js[2m:224:11)[22m[2m[22m

  [2mconsole.log[22m
    manager call
[2m[22m
[2m      [2mat log ([22m[2msrc/service/metrics.js[2m:224:11)[22m[2m[22m

  [2mconsole.log[22m
    manager call
[2m[22m
[2m      [2mat log ([22m[2msrc/service/metrics.js[2m:224:11)[22m[2m[22m

  [2mconsole.log[22m
    manager call
[2m[22m
[2m      [2mat log ([22m[2msrc/service/metrics.js[2m:224:11)[22m[2m[22m

  [2mconsole.log[22m
    manager call
[2m[22m
[2m      [2mat log ([22m[2msrc/service/metrics.js[2m:224:11)[22m[2m[22m

  [2mconsole.log[22m
    manager call
[2m[22m
[2m      [2mat log ([22m[2msrc/service/metrics.js[2m:224:11)[22m[2m[22m

  [2mconsole.log[22m
    manager call
[2m[22m
[2m      [2mat log ([22m[2msrc/service/metrics.js[2m:224:11)[22m[2m[22m

  [2mconsole.log[22m
    manager call
[2m[22m
[2m      [2mat log ([22m[2msrc/service/metrics.js[2m:224:11)[22m[2m[22m

  [2mconsole.log[22m
    manager call
[2m[22m
[2m      [2mat log ([22m[2msrc/service/metrics.js[2m:224:11)[22m[2m[22m

  [2mconsole.log[22m
    [metrics] getting timeline metrics for 2026-08-12T12:00:00.000Z
[2m[22m
[2m      [2mat log ([22m[2msrc/service/metrics.js[2m:136:13)[22m[2m[22m

  [2mconsole.log[22m
    metricsArray
[2m[22m
[2m      [2mat log ([22m[2msrc/service/metrics.js[2m:282:11)[22m[2m[22m

  [2mconsole.log[22m
    metricsArray
[2m[22m
[2m      [2mat log ([22m[2msrc/service/metrics.js[2m:282:11)[22m[2m[22m

  [2mconsole.log[22m
    [metrics] getting timeline metrics for 2026-08-13T12:00:00.000Z
[2m[22m
[2m      [2mat log ([22m[2msrc/service/metrics.js[2m:136:13)[22m[2m[22m

  [2mconsole.log[22m
    metricsArray
[2m[22m
[2m      [2mat log ([22m[2msrc/service/metrics.js[2m:282:11)[22m[2m[22m

  [2mconsole.log[22m
    metricsArray
[2m[22m
[2m      [2mat log ([22m[2msrc/service/metrics.js[2m:282:11)[22m[2m[22m

  [2mconsole.log[22m
    [metrics] getting timeline metrics for 2026-08-14T12:00:00.000Z
[2m[22m
[2m      [2mat log ([22m[2msrc/service/metrics.js[2m:136:13)[22m[2m[22m

  [2mconsole.log[22m
    metricsArray
[2m[22m
[2m      [2mat log ([22m[2msrc/service/metrics.js[2m:282:11)[22m[2m[22m

  [2mconsole.log[22m
    metricsArray
[2m[22m
[2m      [2mat log ([22m[2msrc/service/metrics.js[2m:282:11)[22m[2m[22m

  [2mconsole.log[22m
    [metrics] getting timeline metrics for 2026-08-15T12:00:00.000Z
[2m[22m
[2m      [2mat log ([22m[2msrc/service/metrics.js[2m:136:13)[22m[2m[22m

  [2mconsole.log[22m
    metricsArray
[2m[22m
[2m      [2mat log ([22m[2msrc/service/metrics.js[2m:282:11)[22m[2m[22m

  [2mconsole.log[22m
    metricsArray
[2m[22m
[2m      [2mat log ([22m[2msrc/service/metrics.js[2m:282:11)[22m[2m[22m

  [2mconsole.log[22m
    [metrics] getting timeline metrics for 2026-08-16T12:00:00.000Z
[2m[22m
[2m      [2mat log ([22m[2msrc/service/metrics.js[2m:136:13)[22m[2m[22m

  [2mconsole.log[22m
    metricsArray
[2m[22m
[2m      [2mat log ([22m[2msrc/service/metrics.js[2m:282:11)[22m[2m[22m

  [2mconsole.log[22m
    metricsArray
[2m[22m
[2m      [2mat log ([22m[2msrc/service/metrics.js[2m:282:11)[22m[2m[22m

  [2mconsole.log[22m
    [metrics] getting timeline metrics for 2026-08-17T12:00:00.000Z
[2m[22m
[2m      [2mat log ([22m[2msrc/service/metrics.js[2m:136:13)[22m[2m[22m

  [2mconsole.log[22m
    metricsArray
[2m[22m
[2m      [2mat log ([22m[2msrc/service/metrics.js[2m:282:11)[22m[2m[22m

  [2mconsole.log[22m
    metricsArray
[2m[22m
[2m      [2mat log ([22m[2msrc/service/metrics.js[2m:282:11)[22m[2m[22m

  [2mconsole.log[22m
    [metrics] getting timeline metrics for 2026-08-18T12:00:00.000Z
[2m[22m
[2m      [2mat log ([22m[2msrc/service/metrics.js[2m:136:13)[22m[2m[22m

  [2mconsole.log[22m
    metricsArray
[2m[22m
[2m      [2mat log ([22m[2msrc/service/metrics.js[2m:282:11)[22m[2m[22m

  [2mconsole.log[22m
    metricsArray
[2m[22m
[2m      [2mat log ([22m[2msrc/service/metrics.js[2m:282:11)[22m[2m[22m

  [2mconsole.log[22m
    [metrics] getting timeline metrics for 2026-08-19T12:00:00.000Z
[2m[22m
[2m      [2mat log ([22m[2msrc/service/metrics.js[2m:136:13)[22m[2m[22m

  [2mconsole.log[22m
    metricsArray
[2m[22m
[2m      [2mat log ([22m[2msrc/service/metrics.js[2m:282:11)[22m[2m[22m

  [2mconsole.log[22m
    metricsArray
[2m[22m
[2m      [2mat log ([22m[2msrc/service/metrics.js[2m:282:11)[22m[2m[22m

-------------------------------|---------|----------|---------|---------|---------------------------------------------------------------------------------------------------------------------
File                           | % Stmts | % Branch | % Funcs | % Lines | Uncovered Line #s                                                                                                   
-------------------------------|---------|----------|---------|---------|---------------------------------------------------------------------------------------------------------------------
[31;1mAll files                     [0m | [31;1m  38.79[0m | [31;1m   47.51[0m | [31;1m  33.71[0m | [31;1m  38.98[0m | [31;1m                                                                                                                   [0m 
[31;1m src                          [0m | [31;1m  40.47[0m | [31;1m   16.66[0m | [31;1m  16.66[0m | [31;1m  40.47[0m | [31;1m                                                                                                                   [0m 
[32;1m  constants.js                [0m | [32;1m    100[0m | [32;1m     100[0m | [32;1m    100[0m | [32;1m    100[0m | [33;1m                                                                                                                   [0m 
[31;1m  index.js                    [0m | [31;1m      0[0m | [32;1m     100[0m | [32;1m    100[0m | [31;1m      0[0m | [31;1m7-18                                                                                                               [0m 
[32;1m  mongo.js                    [0m | [32;1m    100[0m | [31;1m   33.33[0m | [32;1m    100[0m | [32;1m    100[0m | [33;1m36                                                                                                                 [0m 
[31;1m  secure-context.js           [0m | [31;1m      0[0m | [31;1m       0[0m | [31;1m      0[0m | [31;1m      0[0m | [31;1m16-36                                                                                                              [0m 
[31;1m  server.js                   [0m | [31;1m      0[0m | [32;1m     100[0m | [31;1m      0[0m | [31;1m      0[0m | [31;1m6-22                                                                                                               [0m 
[31;1m src/api                      [0m | [31;1m      0[0m | [31;1m       0[0m | [31;1m      0[0m | [31;1m      0[0m | [31;1m                                                                                                                   [0m 
[31;1m  server.js                   [0m | [31;1m      0[0m | [31;1m       0[0m | [31;1m      0[0m | [31;1m      0[0m | [31;1m21-83                                                                                                              [0m 
[31;1m src/api/forms/__stubs__      [0m | [31;1m      0[0m | [32;1m     100[0m | [31;1m      0[0m | [31;1m      0[0m | [31;1m                                                                                                                   [0m 
[31;1m  mongo.js                    [0m | [31;1m      0[0m | [32;1m     100[0m | [31;1m      0[0m | [31;1m      0[0m | [31;1m1-70                                                                                                               [0m 
[32;1m src/config                   [0m | [32;1m    100[0m | [33;1m      50[0m | [32;1m    100[0m | [32;1m    100[0m | [33;1m                                                                                                                   [0m 
[32;1m  index.js                    [0m | [32;1m    100[0m | [33;1m      50[0m | [32;1m    100[0m | [32;1m    100[0m | [33;1m103                                                                                                                [0m 
[31;1m src/helpers                  [0m | [31;1m      0[0m | [31;1m       0[0m | [31;1m      0[0m | [31;1m      0[0m | [31;1m                                                                                                                   [0m 
[31;1m  error-message.js            [0m | [31;1m      0[0m | [31;1m       0[0m | [31;1m      0[0m | [31;1m      0[0m | [31;1m7                                                                                                                  [0m 
[31;1m  fail-action.js              [0m | [31;1m      0[0m | [31;1m       0[0m | [31;1m      0[0m | [31;1m      0[0m | [31;1m8-14                                                                                                               [0m 
[31;1m  request-tracing.js          [0m | [31;1m      0[0m | [32;1m     100[0m | [32;1m    100[0m | [31;1m      0[0m | [31;1m5                                                                                                                  [0m 
[31;1m  string-utils.js             [0m | [31;1m      0[0m | [32;1m     100[0m | [31;1m      0[0m | [31;1m      0[0m | [31;1m7                                                                                                                  [0m 
[31;1m src/helpers/logging          [0m | [31;1m     35[0m | [31;1m      10[0m | [31;1m  33.33[0m | [31;1m     35[0m | [31;1m                                                                                                                   [0m 
[33;1m  logger-options.js           [0m | [33;1m     50[0m | [31;1m      25[0m | [31;1m      0[0m | [33;1m     50[0m | [31;1m31-36                                                                                                              [0m 
[32;1m  logger.js                   [0m | [32;1m    100[0m | [32;1m     100[0m | [32;1m    100[0m | [32;1m    100[0m | [33;1m                                                                                                                   [0m 
[31;1m  request-logger.js           [0m | [31;1m      0[0m | [31;1m       0[0m | [31;1m      0[0m | [31;1m      0[0m | [31;1m8-27                                                                                                               [0m 
[31;1m src/helpers/secure-context   [0m | [31;1m      0[0m | [31;1m       0[0m | [31;1m      0[0m | [31;1m      0[0m | [31;1m                                                                                                                   [0m 
[31;1m  get-trust-store-certs.js    [0m | [31;1m      0[0m | [31;1m       0[0m | [31;1m      0[0m | [31;1m      0[0m | [31;1m7-13                                                                                                               [0m 
[33;1m src/lib                      [0m | [33;1m  56.25[0m | [31;1m   28.57[0m | [33;1m     60[0m | [33;1m  56.25[0m | [31;1m                                                                                                                   [0m 
[33;1m  fetch.js                    [0m | [33;1m  56.25[0m | [31;1m   28.57[0m | [33;1m     60[0m | [33;1m  56.25[0m | [31;1m22-29,52,72                                                                                                        [0m 
[31;1m src/messaging                [0m | [31;1m      0[0m | [31;1m       0[0m | [31;1m      0[0m | [31;1m      0[0m | [31;1m                                                                                                                   [0m 
[31;1m  event.js                    [0m | [31;1m      0[0m | [31;1m       0[0m | [31;1m      0[0m | [31;1m      0[0m | [31;1m12-190                                                                                                             [0m 
[31;1m  sqs.js                      [0m | [31;1m      0[0m | [32;1m     100[0m | [31;1m      0[0m | [31;1m      0[0m | [31;1m5-19                                                                                                               [0m 
[31;1m src/plugins                  [0m | [31;1m   3.75[0m | [31;1m       0[0m | [31;1m      0[0m | [31;1m   3.84[0m | [31;1m                                                                                                                   [0m 
[31;1m  audit-cache.js              [0m | [31;1m   5.08[0m | [31;1m       0[0m | [31;1m      0[0m | [31;1m   5.26[0m | [31;1m15-202                                                                                                             [0m 
[31;1m  cron.js                     [0m | [31;1m      0[0m | [31;1m       0[0m | [31;1m      0[0m | [31;1m      0[0m | [31;1m12-46                                                                                                              [0m 
[31;1m  router.js                   [0m | [31;1m      0[0m | [32;1m     100[0m | [31;1m      0[0m | [31;1m      0[0m | [31;1m6-10                                                                                                               [0m 
[31;1m  transform-errors.js         [0m | [31;1m      0[0m | [31;1m       0[0m | [31;1m      0[0m | [31;1m      0[0m | [31;1m6-16                                                                                                               [0m 
[31;1m src/plugins/auth             [0m | [31;1m      0[0m | [31;1m       0[0m | [31;1m      0[0m | [31;1m      0[0m | [31;1m                                                                                                                   [0m 
[31;1m  index.js                    [0m | [31;1m      0[0m | [31;1m       0[0m | [31;1m      0[0m | [31;1m      0[0m | [31;1m7-71                                                                                                               [0m 
  types.js                     |       0 |        0 |       0 |       0 | [31;1m                                                                                                                   [0m 
[31;1m src/plugins/query-handler    [0m | [31;1m  44.44[0m | [32;1m     100[0m | [31;1m      0[0m | [31;1m  44.44[0m | [31;1m                                                                                                                   [0m 
[32;1m  config.js                   [0m | [32;1m    100[0m | [32;1m     100[0m | [32;1m    100[0m | [32;1m    100[0m | [33;1m                                                                                                                   [0m 
[31;1m  index.js                    [0m | [31;1m      0[0m | [32;1m     100[0m | [31;1m      0[0m | [31;1m      0[0m | [31;1m4-29                                                                                                               [0m 
  types.js                     |       0 |        0 |       0 |       0 | [31;1m                                                                                                                   [0m 
[31;1m src/repositories             [0m | [31;1m  48.46[0m | [33;1m   52.27[0m | [33;1m  75.86[0m | [31;1m  48.46[0m | [31;1m                                                                                                                   [0m 
[31;1m  audit-record-repository.js  [0m | [31;1m  16.36[0m | [31;1m   28.57[0m | [31;1m     40[0m | [31;1m  16.36[0m | [31;1m32-112,160-187                                                                                                     [0m 
[33;1m  metrics-repository-helper.js[0m | [33;1m  73.33[0m | [32;1m   83.33[0m | [32;1m    100[0m | [33;1m  73.33[0m | [31;1m55-59,90-94                                                                                                        [0m 
[33;1m  metrics-repository.js       [0m | [33;1m  59.52[0m | [33;1m   58.33[0m | [33;1m  78.94[0m | [33;1m  59.52[0m | [31;1m21-55,83-87,106-156,199-203,232-236,259-263,286-325,357-358,372,416,430-434,476-480,515-537,549-553,590-591,617-621[0m 
[31;1m src/repositories/aggregation [0m | [31;1m    5.4[0m | [31;1m       0[0m | [31;1m      0[0m | [31;1m   5.55[0m | [31;1m                                                                                                                   [0m 
[31;1m  consolidation-aggregation.js[0m | [31;1m    5.4[0m | [31;1m       0[0m | [31;1m      0[0m | [31;1m   5.55[0m | [31;1m29-263,282-312                                                                                                     [0m 
  types.js                     |       0 |        0 |       0 |       0 | [31;1m                                                                                                                   [0m 
[31;1m src/routes                   [0m | [31;1m      0[0m | [31;1m       0[0m | [31;1m      0[0m | [31;1m      0[0m | [31;1m                                                                                                                   [0m 
[31;1m  admin.js                    [0m | [31;1m      0[0m | [31;1m       0[0m | [31;1m      0[0m | [31;1m      0[0m | [31;1m13-133                                                                                                             [0m 
[31;1m  form.js                     [0m | [31;1m      0[0m | [31;1m       0[0m | [31;1m      0[0m | [31;1m      0[0m | [31;1m29-44                                                                                                              [0m 
[31;1m  health.js                   [0m | [31;1m      0[0m | [32;1m     100[0m | [31;1m      0[0m | [31;1m      0[0m | [31;1m8                                                                                                                  [0m 
  index.js                     |       0 |        0 |       0 |       0 | [31;1m                                                                                                                   [0m 
[31;1m  report.js                   [0m | [31;1m      0[0m | [31;1m       0[0m | [31;1m      0[0m | [31;1m      0[0m | [31;1m15-140                                                                                                             [0m 
[31;1m  shared.js                   [0m | [31;1m      0[0m | [31;1m       0[0m | [31;1m      0[0m | [31;1m      0[0m | [31;1m7-40                                                                                                               [0m 
[33;1m src/service                  [0m | [33;1m  70.76[0m | [32;1m      80[0m | [33;1m     64[0m | [33;1m  71.14[0m | [31;1m                                                                                                                   [0m 
[31;1m  events.js                   [0m | [31;1m      0[0m | [31;1m       0[0m | [31;1m      0[0m | [31;1m      0[0m | [31;1m22-147                                                                                                             [0m 
[32;1m  metrics-helper.js           [0m | [32;1m   91.3[0m | [32;1m    82.6[0m | [32;1m  91.66[0m | [32;1m   91.3[0m | [31;1m55,122,179,192                                                                                                     [0m 
[33;1m  metrics-job.js              [0m | [33;1m  73.91[0m | [33;1m      50[0m | [32;1m    100[0m | [33;1m  73.91[0m | [31;1m38-42,54-56                                                                                                        [0m 
[31;1m  metrics-submissions.js      [0m | [31;1m      0[0m | [31;1m       0[0m | [31;1m      0[0m | [31;1m      0[0m | [31;1m7-69                                                                                                               [0m 
[32;1m  metrics.js                  [0m | [32;1m  90.58[0m | [32;1m   87.83[0m | [32;1m     90[0m | [32;1m  90.53[0m | [31;1m122,451,648-691                                                                                                    [0m 
[31;1m src/service/entitlements     [0m | [31;1m      0[0m | [31;1m       0[0m | [31;1m      0[0m | [31;1m      0[0m | [31;1m                                                                                                                   [0m 
[31;1m  service.js                  [0m | [31;1m      0[0m | [31;1m       0[0m | [31;1m      0[0m | [31;1m      0[0m | [31;1m7-55                                                                                                               [0m 
[31;1m src/tasks                    [0m | [31;1m      0[0m | [31;1m       0[0m | [31;1m      0[0m | [31;1m      0[0m | [31;1m                                                                                                                   [0m 
[31;1m  receive-messages.js         [0m | [31;1m      0[0m | [31;1m       0[0m | [31;1m      0[0m | [31;1m      0[0m | [31;1m13-49                                                                                                              [0m 
[31;1m  sqs.js                      [0m | [31;1m      0[0m | [32;1m     100[0m | [31;1m      0[0m | [31;1m      0[0m | [31;1m5-19                                                                                                               [0m 
-------------------------------|---------|----------|---------|---------|---------------------------------------------------------------------------------------------------------------------
